// Jest Snapshot v1, https://goo.gl/fbAQLP

exports[`renders correctly 1`] = `
<button
  className="EntryButtonstyled__AddButton-sc-1gp19ln-0 kIPdKW"
  onClick={[Function]}
  width={300}
>
  test
</button>
`;
